// Jest Snapshot v1, https://goo.gl/fbAQLP

exports[`DwollaBeneficialOwners 1`] = `
<dwolla-customer-create
  customerId="123"
/>
`;
