// Jest Snapshot v1, https://goo.gl/fbAQLP

exports[`DwollaDocumentUpload 1`] = `
<dwolla-document-upload
  customerId="123"
/>
`;
