// Jest Snapshot v1, https://goo.gl/fbAQLP

exports[`DwollaMicroDepositsVerify should render the component 1`] = `
<dwolla-micro-deposits-verify
  customerId="123"
  fundingSourceId="456"
/>
`;
